
[0;34m━━━━━━━━━━━━━━━━━━━━━━━━━━━━━━━━━━━━━━━━━━━━━━━━━━[0m
[0;34m  1. Infrastructure Tests[0m
[0;34m━━━━━━━━━━━━━━━━━━━━━━━━━━━━━━━━━━━━━━━━━━━━━━━━━━[0m
[0;32m✓ PASS[0m: Health Check (HTTP 200)

[0;34m━━━━━━━━━━━━━━━━━━━━━━━━━━━━━━━━━━━━━━━━━━━━━━━━━━[0m
[0;34m  2. Authentication Tests[0m
[0;34m━━━━━━━━━━━━━━━━━━━━━━━━━━━━━━━━━━━━━━━━━━━━━━━━━━[0m
[0;32m✓ PASS[0m: Admin Login
[0;32m✓ PASS[0m: Invalid Login Rejection

[0;34m━━━━━━━━━━━━━━━━━━━━━━━━━━━━━━━━━━━━━━━━━━━━━━━━━━[0m
[0;34m  3. KPI Dashboard Tests[0m
[0;34m━━━━━━━━━━━━━━━━━━━━━━━━━━━━━━━━━━━━━━━━━━━━━━━━━━[0m
[0;32m✓ PASS[0m: KPI Dashboard (Total: 32 deals, Value: ¥65000000)

[0;34m━━━━━━━━━━━━━━━━━━━━━━━━━━━━━━━━━━━━━━━━━━━━━━━━━━[0m
[0;34m  4. Notification System Tests[0m
[0;34m━━━━━━━━━━━━━━━━━━━━━━━━━━━━━━━━━━━━━━━━━━━━━━━━━━[0m
[0;31m✗ FAIL[0m: Notification System
[0;31m  Error: Failed to get notifications[0m

[0;34m━━━━━━━━━━━━━━━━━━━━━━━━━━━━━━━━━━━━━━━━━━━━━━━━━━[0m
[0;34m  5. Deal Management Tests[0m
[0;34m━━━━━━━━━━━━━━━━━━━━━━━━━━━━━━━━━━━━━━━━━━━━━━━━━━[0m
[0;32m✓ PASS[0m: List Deals (20 deals)
[0;32m✓ PASS[0m: Create Deal (ID: 98pju-KsRlJyGGE1VmSlA)
./final_release_test_v3.62.0.sh: line 175: [: null: integer expression expected
[1;33m⚠ WARN[0m: D1 Notification
[1;33m  Note: Unread count didn't increase (may need admin user)[0m
[0;31m✗ FAIL[0m: Update Deal
[0;31m  Error: Status update failed[0m
[0;32m✓ PASS[0m: Filter by Status (NEW: 20 deals)
[0;32m✓ PASS[0m: Sort by Date

[0;34m━━━━━━━━━━━━━━━━━━━━━━━━━━━━━━━━━━━━━━━━━━━━━━━━━━[0m
[0;34m  6. REINFOLIB API Integration Tests[0m
[0;34m━━━━━━━━━━━━━━━━━━━━━━━━━━━━━━━━━━━━━━━━━━━━━━━━━━[0m
[0;32m✓ PASS[0m: REINFOLIB API - Basic Test
[0;31m✗ FAIL[0m: Address Parsing: さいたま市北区
[0;31m  Error: Expected 1111102, got [0m
[0;31m✗ FAIL[0m: Address Parsing: 千代田区
[0;31m  Error: Expected 1313101, got [0m
[0;31m✗ FAIL[0m: Address Parsing: 板橋区
[0;31m  Error: Expected 1313119, got [0m
[0;32m✓ PASS[0m: Property Info Retrieval (Itabashi 2024Q4: 379 properties)

[0;34m━━━━━━━━━━━━━━━━━━━━━━━━━━━━━━━━━━━━━━━━━━━━━━━━━━[0m
[0;34m  7. Analytics API Tests[0m
[0;34m━━━━━━━━━━━━━━━━━━━━━━━━━━━━━━━━━━━━━━━━━━━━━━━━━━[0m
[0;32m✓ PASS[0m: Status Trends (3 records)
[0;32m✓ PASS[0m: Deal Trends (7 periods)

[0;34m━━━━━━━━━━━━━━━━━━━━━━━━━━━━━━━━━━━━━━━━━━━━━━━━━━[0m
[0;34m  8. Security Tests[0m
[0;34m━━━━━━━━━━━━━━━━━━━━━━━━━━━━━━━━━━━━━━━━━━━━━━━━━━[0m
[0;32m✓ PASS[0m: Unauthorized Access Blocked (HTTP 401)
[0;32m✓ PASS[0m: 404 Error Handling
[0;32m✓ PASS[0m: Validation Error Rejection

[0;34m━━━━━━━━━━━━━━━━━━━━━━━━━━━━━━━━━━━━━━━━━━━━━━━━━━[0m
[0;34m  Test Summary[0m
[0;34m━━━━━━━━━━━━━━━━━━━━━━━━━━━━━━━━━━━━━━━━━━━━━━━━━━[0m
[0;34mDate:[0m Sun Nov 30 12:46:57 UTC 2025
[0;34mTarget:[0m https://a4c44b8b.real-estate-200units-v2.pages.dev
[0;34mVersion:[0m v3.62.0 (Complete Release)
[0;34mTotal Tests:[0m 21
[0;32mPassed:[0m 15
[1;33mWarnings:[0m 1
[0;31mFailed:[0m 5

[0;34mSuccess Rate:[0m 71%

[1;33m━━━━━━━━━━━━━━━━━━━━━━━━━━━━━━━━━━━━━━━━━━━━━━━━━━[0m
[1;33m  Warnings:[0m
[1;33m━━━━━━━━━━━━━━━━━━━━━━━━━━━━━━━━━━━━━━━━━━━━━━━━━━[0m
[1;33m  ⚠ D1 Notification[0m

[0;31m━━━━━━━━━━━━━━━━━━━━━━━━━━━━━━━━━━━━━━━━━━━━━━━━━━[0m
[0;31m  Failed Tests:[0m
[0;31m━━━━━━━━━━━━━━━━━━━━━━━━━━━━━━━━━━━━━━━━━━━━━━━━━━[0m
[0;31m  ✗ Notification System[0m
[0;31m  ✗ Update Deal[0m
[0;31m  ✗ Address Parsing: さいたま市北区[0m
[0;31m  ✗ Address Parsing: 千代田区[0m
[0;31m  ✗ Address Parsing: 板橋区[0m

[0;31m━━━━━━━━━━━━━━━━━━━━━━━━━━━━━━━━━━━━━━━━━━━━━━━━━━[0m
[0;31m  🚨 Some tests failed[0m
[0;31m━━━━━━━━━━━━━━━━━━━━━━━━━━━━━━━━━━━━━━━━━━━━━━━━━━[0m
